
> casper-cred-app@0.1.0 build
> next build

node.exe : (node:10932) 
[MODULE_TYPELESS_PACKAGE_JSON] Warning: 
Module type of file:///C:/Users/ritig/On
eDrive/Desktop/Projects/caspertired/Casp
erCredIQ/next.config.js is not 
specified and it doesn't parse as 
CommonJS.
At line:1 char:1
+ & "C:\Program Files\nodejs/node.exe" 
"C:\Users\ritig\AppData\Roaming\ ...
+ ~~~~~~~~~~~~~~~~~~~~~~~~~~~~~~~~~~~~~~
~~~~~~~~~~~~~~~~~~~~~~~~~~~~~~~
    + CategoryInfo          : NotSpecif 
   ied: ((node:10932) [M...se as Commo  
  nJS.:String) [], RemoteException
    + FullyQualifiedErrorId : NativeCom 
   mandError
 
Reparsing as ES module because module 
syntax was detected. This incurs a 
performance overhead.
To eliminate this warning, add "type": 
"module" to C:\Users\ritig\OneDrive\Desk
top\Projects\caspertired\CasperCredIQ\pa
ckage.json.
(Use `node --trace-warnings ...` to 
show where the warning was created)
Γû▓ Next.js 16.1.1 (Turbopack)

  Creating an optimized production build ...
(node:10932) 
[MODULE_TYPELESS_PACKAGE_JSON] Warning: 
Module type of file:///C:/Users/ritig/On
eDrive/Desktop/Projects/caspertired/Casp
erCredIQ/next.config.js is not 
specified and it doesn't parse as 
CommonJS.
Reparsing as ES module because module 
syntax was detected. This incurs a 
performance overhead.
To eliminate this warning, add "type": 
"module" to C:\Users\ritig\OneDrive\Desk
top\Projects\caspertired\CasperCredIQ\pa
ckage.json.
(Use `node --trace-warnings ...` to 
show where the warning was created)
Γ£ô Compiled successfully in 5.9s
  Running TypeScript ...
Failed to compile.

./app/page.tsx:360:101
Type error: Type '{ children: Element; 
key: number; className: string; style: 
{ borderTopColor: string; }; }' is not 
assignable to type 'IntrinsicAttributes 
& { children: any; className?: string; 
}'.
  Property 'style' does not exist on 
type 'IntrinsicAttributes & { children: 
any; className?: string; }'.

[0m [90m 358 |[39m                 }
 [90m 359 |[39m               
][33m.[39mmap((item[33m,[39m i) 
[33m=>[39m (
[31m[1m>[22m[39m[90m 360 |[39m    
             [33m<[39m[33mCard[39m 
key[33m=[39m{i} className[33m=[39m[
32m"hover:shadow-xl transition-shadow 
duration-300 border-t-4"[39m 
style[33m=[39m{{ 
borderTopColor[33m:[39m [32m`rgb(${i 
* 30}, ${100 + i * 20}, ${200 - i * 
10})`[39m }}[33m>[39m
 [90m     |[39m                       
                                        
                                      
[31m[1m^[22m[39m
 [90m 361 |[39m                   
[33m<[39m[33mCardContent[39m 
className[33m=[39m[32m"h-full flex 
flex-col"[39m[33m>[39m
 [90m 362 |[39m                     
[33m<[39m[33mdiv[39m 
className[33m=[39m{[32m`mb-4 h-12 
w-12 rounded-xl bg-gradient-to-r 
${item.color} flex items-center 
justify-center`[39m}[33m>[39m
 [90m 363 |[39m                       
[33m<[39m[33mitem[39m[33m.[39micon
 className[33m=[39m[32m"h-6 w-6 
text-white"[39m 
[33m/[39m[33m>[39m[0m
Next.js build worker exited with code: 
1 and signal: null
